###############################################################################
#
# IAR ELF Linker V9.10.2.313/W64 for ARM                  12/Jul/2021  12:25:11
# Copyright 2007-2021 IAR Systems AB.
#
#    Output file  =
#        C:\Users\User\Documents\TM4C1294_Bare_IAR9-main\Projects\fsm_matrix\Debug\Exe\fsm_matrix.out
#    Map file     =
#        C:\Users\User\Documents\TM4C1294_Bare_IAR9-main\Projects\fsm_matrix\Debug\List\fsm_matrix.map
#    Command line =
#        -f
#        C:\Users\User\Documents\TM4C1294_Bare_IAR9-main\Projects\fsm_matrix\Debug\Exe\fsm_matrix.out.rsp
#        (C:\Users\User\Documents\TM4C1294_Bare_IAR9-main\Projects\fsm_matrix\Debug\Obj\driverbuttons.o
#        C:\Users\User\Documents\TM4C1294_Bare_IAR9-main\Projects\fsm_matrix\Debug\Obj\driverleds.o
#        C:\Users\User\Documents\TM4C1294_Bare_IAR9-main\TivaWare_C_Series-2.1.4.178\driverlib\ewarm\Exe\driverlib.a
#        C:\Users\User\Documents\TM4C1294_Bare_IAR9-main\Projects\fsm_matrix\Debug\Obj\fsm_matrix.o
#        C:\Users\User\Documents\TM4C1294_Bare_IAR9-main\Projects\fsm_matrix\Debug\Obj\startup_TM4C1294.o
#        C:\Users\User\Documents\TM4C1294_Bare_IAR9-main\Projects\fsm_matrix\Debug\Obj\system_TM4C1294_TW.o
#        --no_out_extension -o
#        C:\Users\User\Documents\TM4C1294_Bare_IAR9-main\Projects\fsm_matrix\Debug\Exe\fsm_matrix.out
#        --redirect _Printf=_PrintfFullNoMb --redirect _Scanf=_ScanfFullNoMb
#        --map
#        C:\Users\User\Documents\TM4C1294_Bare_IAR9-main\Projects\fsm_matrix\Debug\List\fsm_matrix.map
#        --config "C:\Program Files\IAR Systems\Embedded Workbench
#        9.0\arm\config\linker\TexasInstruments\TM4C1294NC.icf" --semihosting
#        --entry __iar_program_start --vfe --text_out locale)
#
###############################################################################

*******************************************************************************
*** RUNTIME MODEL ATTRIBUTES
***

CppFlavor       = *
__SystemLibrary = DLib
__dlib_version  = 6


*******************************************************************************
*** HEAP SELECTION
***

The basic heap was selected because some modules are built with
size limitations (and not runtime checking), and --advanced_heap
was not specified.


*******************************************************************************
*** PLACEMENT SUMMARY
***

"A0":  place at address 0x0 { ro section .intvec };
"P1":  place in [from 0x0 to 0xf'ffff] { ro };
define block CSTACK with size = 32K, alignment = 8 { };
define block HEAP with size = 64K, alignment = 8 { };
"P2":  place in [from 0x2000'0000 to 0x2003'ffff] {
          rw, block CSTACK, block HEAP };

  Section          Kind         Address    Size  Object
  -------          ----         -------    ----  ------
"A0":                                     0x3c0
  .intvec          ro code          0x0   0x3c0  startup_TM4C1294.o [1]
                                - 0x3c0   0x3c0

"P1":                                     0xc8c
  .text            ro code        0x3c0   0x2a0  sysctl.o [3]
  .text            ro code        0x660   0x1e0  gpio.o [3]
  .rodata          const          0x840   0x1b0  sysctl.o [3]
  .text            ro code        0x9f0   0x148  driverleds.o [1]
  .text            ro code        0xb38    0xf4  fsm_matrix.o [1]
  .text            ro code        0xc2c    0xd4  driverbuttons.o [1]
  .text            ro code        0xd00    0x86  ABImemcpy.o [4]
  .text            ro code        0xd86     0x2  startup_TM4C1294.o [1]
  .text            ro code        0xd88    0x28  systick.o [3]
  .text            ro code        0xdb0    0xd8  interrupt.o [3]
  .rodata          const          0xe88    0x6c  sysctl.o [3]
  .text            ro code        0xef4    0x38  zero_init3.o [4]
  .rodata          const          0xf2c    0x30  sysctl.o [3]
  .text            ro code        0xf5c    0x28  data_init.o [4]
  .iar.init_table  const          0xf84    0x10  - Linker created -
  .rodata          const          0xf94    0x20  fsm_matrix.o [1]
  .text            ro code        0xfb4    0x20  system_TM4C1294_TW.o [1]
  .text            ro code        0xfd4    0x1e  cmain.o [4]
  .text            ro code        0xff2     0x4  low_level_init.o [2]
  .text            ro code        0xff6     0x4  exit.o [2]
  .text            ro code        0xffc     0xa  cexit.o [4]
  .text            ro code       0x1008    0x14  exit.o [5]
  .text            ro code       0x101c    0x1c  cstartup_M.o [4]
  .text            ro code       0x1038    0x14  startup_TM4C1294.o [1]
  .rodata          const         0x104c     0x0  zero_init3.o [4]
                               - 0x104c   0xc8c

"P2", part 1 of 2:                          0x4
  .bss             zero     0x2000'0000     0x1  fsm_matrix.o [1]
  .bss             zero     0x2000'0001     0x1  fsm_matrix.o [1]
                          - 0x2000'0002     0x2

"P2", part 2 of 2:                       0x8004
  .noinit          uninit   0x2000'0004     0x4  system_TM4C1294_TW.o [1]
  CSTACK                    0x2000'0008  0x8000  <Block>
    CSTACK         uninit   0x2000'0008  0x8000  <Block tail>
                          - 0x2000'8008  0x8004

Unused ranges:

         From           To      Size
         ----           --      ----
       0x104c     0xf'ffff  0xf'efb4
  0x2000'8008  0x2003'ffff  0x3'7ff8


*******************************************************************************
*** INIT TABLE
***

          Address      Size
          -------      ----
Zero (__iar_zero_init3)
    1 destination range, total size 0x2:
          0x2000'0000   0x2



*******************************************************************************
*** MODULE SUMMARY
***

    Module                ro code  ro data  rw data
    ------                -------  -------  -------
command line/config:
    -----------------------------------------------
    Total:

C:\Users\User\Documents\TM4C1294_Bare_IAR9-main\Projects\fsm_matrix\Debug\Obj: [1]
    driverbuttons.o           212
    driverleds.o              328
    fsm_matrix.o              244       32        2
    startup_TM4C1294.o        982
    system_TM4C1294_TW.o       32                 4
    -----------------------------------------------
    Total:                  1'798       32        6

dl7M_tln.a: [2]
    exit.o                      4
    low_level_init.o            4
    -----------------------------------------------
    Total:                      8

driverlib.a: [3]
    gpio.o                    480
    interrupt.o               216
    sysctl.o                  672      588
    systick.o                  40
    -----------------------------------------------
    Total:                  1'408      588

rt7M_tl.a: [4]
    ABImemcpy.o               134
    cexit.o                    10
    cmain.o                    30
    cstartup_M.o               28
    data_init.o                40
    zero_init3.o               56
    -----------------------------------------------
    Total:                    298

shb_l.a: [5]
    exit.o                     20
    -----------------------------------------------
    Total:                     20

    Gaps                        4
    Linker created                      16   32'768
---------------------------------------------------
    Grand Total:            3'536      636   32'774


*******************************************************************************
*** ENTRY LIST
***

Entry                       Address   Size  Type      Object
-----                       -------   ----  ----      ------
.iar.init_table$$Base         0xf84          --   Gb  - Linker created -
.iar.init_table$$Limit        0xf94          --   Gb  - Linker created -
?main                         0xfd5         Code  Gb  cmain.o [4]
ButtonInit                    0xc2d   0x46  Code  Gb  driverbuttons.o [1]
ButtonIntClear                0xcdb   0x1e  Code  Gb  driverbuttons.o [1]
ButtonIntDisable              0xcb1   0x2a  Code  Gb  driverbuttons.o [1]
ButtonIntEnable               0xc73   0x3e  Code  Gb  driverbuttons.o [1]
CSTACK$$Base            0x2000'0008          --   Gb  - Linker created -
CSTACK$$Limit           0x2000'8008          --   Gb  - Linker created -
Evento                  0x2000'0000    0x1  Data  Gb  fsm_matrix.o [1]
GPIODirModeSet                0x661   0x28  Code  Gb  gpio.o [3]
GPIOIntClear                  0x7e3    0x8  Code  Gb  gpio.o [3]
GPIOIntDisable                0x7dd    0x6  Code  Gb  gpio.o [3]
GPIOIntEnable                 0x7d7    0x6  Code  Gb  gpio.o [3]
GPIOIntTypeSet                0x689   0x4c  Code  Gb  gpio.o [3]
GPIOJ_Handler                 0xb49   0x10  Code  Gb  fsm_matrix.o [1]
GPIOPadConfigSet              0x6d5  0x102  Code  Gb  gpio.o [3]
GPIOPinTypeGPIOInput          0x7f7   0x14  Code  Gb  gpio.o [3]
GPIOPinTypeGPIOOutput         0x80b    0xa  Code  Gb  gpio.o [3]
GPIOPinWrite                  0x7eb    0x8  Code  Gb  gpio.o [3]
IntDisable                    0xe05   0x52  Code  Gb  interrupt.o [3]
IntEnable                     0xdb1   0x52  Code  Gb  interrupt.o [3]
LEDInit                       0x9f1   0xba  Code  Gb  driverleds.o [1]
LEDOff                        0xae9   0x3e  Code  Gb  driverleds.o [1]
LEDOn                         0xaab   0x3e  Code  Gb  driverleds.o [1]
Region$$Table$$Base           0xf84          --   Gb  - Linker created -
Region$$Table$$Limit          0xf94          --   Gb  - Linker created -
SysCtlClockFreqSet            0x423  0x1fc  Code  Gb  sysctl.o [3]
SysCtlPeripheralEnable        0x405    0x8  Code  Gb  sysctl.o [3]
SysCtlPeripheralReady         0x3e3    0x8  Code  Gb  sysctl.o [3]
SysTickEnable                 0xd89    0xc  Code  Gb  systick.o [3]
SysTickIntEnable              0xd95    0xc  Code  Gb  systick.o [3]
SysTickPeriodSet              0xda1    0x8  Code  Gb  systick.o [3]
SysTick_Handler               0xb39   0x10  Code  Gb  fsm_matrix.o [1]
SystemCoreClock         0x2000'0004    0x4  Data  Gb  system_TM4C1294_TW.o [1]
SystemInit                    0xfb5   0x10  Code  Gb  system_TM4C1294_TW.o [1]
_SysCtlMemTimingGet           0x3c1   0x22  Code  Lc  sysctl.o [3]
__Vectors                       0x0          --   Gb  startup_TM4C1294.o [1]
__Vectors_End                 0x3c0         Data  Gb  startup_TM4C1294.o [1]
__Vectors_Size {Abs}          0x3c0          --   Gb  startup_TM4C1294.o [1]
__aeabi_memcpy4               0xd01         Code  Gb  ABImemcpy.o [4]
__aeabi_memcpy8               0xd01         Code  Gb  ABImemcpy.o [4]
__cmain                       0xfd5         Code  Gb  cmain.o [4]
__exit                       0x1009   0x14  Code  Gb  exit.o [5]
__iar_data_init3              0xf5d   0x28  Code  Gb  data_init.o [4]
__iar_init_vfp               0x1041         Code  Wk  startup_TM4C1294.o [1]
__iar_program_start          0x101d         Code  Gb  cstartup_M.o [4]
__iar_zero_init3              0xef5   0x38  Code  Gb  zero_init3.o [4]
__low_level_init              0xff3    0x4  Code  Gb  low_level_init.o [2]
__vector_table                  0x0         Data  Gb  startup_TM4C1294.o [1]
__vector_table_0x1c            0x1c         Data  Gb  startup_TM4C1294.o [1]
_call_main                    0xfe1         Code  Gb  cmain.o [4]
_exit                         0xffd         Code  Gb  cexit.o [4]
exit                          0xff7    0x4  Code  Gb  exit.o [2]
f_LED1_Acende_Botao           0xb7d    0xc  Code  Gb  fsm_matrix.o [1]
f_LED1_Acende_Tempo           0xb65    0xc  Code  Gb  fsm_matrix.o [1]
f_LED1_Apaga_Botao            0xb71    0xc  Code  Gb  fsm_matrix.o [1]
f_LED1_Apaga_Tempo            0xb59    0xc  Code  Gb  fsm_matrix.o [1]
f_LED2_Acende_Botao           0xbad    0xc  Code  Gb  fsm_matrix.o [1]
f_LED2_Acende_Tempo           0xb95    0xc  Code  Gb  fsm_matrix.o [1]
f_LED2_Apaga_Botao            0xba1    0xc  Code  Gb  fsm_matrix.o [1]
f_LED2_Apaga_Tempo            0xb89    0xc  Code  Gb  fsm_matrix.o [1]
g_pppui32XTALtoVCO            0x840  0x1b0  Data  Lc  sysctl.o [3]
g_pui32Dii16Regs              0xe74   0x14  Data  Lc  interrupt.o [3]
g_pui32EnRegs                 0xe60   0x14  Data  Lc  interrupt.o [3]
g_pui32VCOFrequencies         0x658    0x8  Data  Lc  sysctl.o [3]
g_pui32Xtals                  0xe88   0x6c  Data  Lc  sysctl.o [3]
g_sXTALtoMEMTIM               0xf2c   0x30  Data  Lc  sysctl.o [3]
main                          0xbb9   0x64  Code  Gb  fsm_matrix.o [1]
main::Estado            0x2000'0001    0x1  Data  Lc  fsm_matrix.o [1]


[1] = C:\Users\User\Documents\TM4C1294_Bare_IAR9-main\Projects\fsm_matrix\Debug\Obj
[2] = dl7M_tln.a
[3] = driverlib.a
[4] = rt7M_tl.a
[5] = shb_l.a

   3'536 bytes of readonly  code memory
     636 bytes of readonly  data memory
  32'774 bytes of readwrite data memory

Errors: none
Warnings: none
