###############################################################################
#
# IAR ELF Linker V9.10.2.313/W64 for ARM                  01/Jul/2021  00:20:35
# Copyright 2007-2021 IAR Systems AB.
#
#    Output file  =
#        C:\Users\User\Documents\TM4C1294_Bare_IAR9-main\Projects\simple_uart\Debug\Exe\simple_uart.out
#    Map file     =
#        C:\Users\User\Documents\TM4C1294_Bare_IAR9-main\Projects\simple_uart\Debug\List\simple_uart.map
#    Command line =
#        -f
#        C:\Users\User\Documents\TM4C1294_Bare_IAR9-main\Projects\simple_uart\Debug\Exe\simple_uart.out.rsp
#        (C:\Users\User\Documents\TM4C1294_Bare_IAR9-main\TivaWare_C_Series-2.1.4.178\driverlib\ewarm\Exe\driverlib.a
#        C:\Users\User\Documents\TM4C1294_Bare_IAR9-main\Projects\simple_uart\Debug\Obj\simple_uart.o
#        C:\Users\User\Documents\TM4C1294_Bare_IAR9-main\Projects\simple_uart\Debug\Obj\startup_TM4C1294.o
#        C:\Users\User\Documents\TM4C1294_Bare_IAR9-main\Projects\simple_uart\Debug\Obj\system_TM4C1294_TW.o
#        C:\Users\User\Documents\TM4C1294_Bare_IAR9-main\Projects\simple_uart\Debug\Obj\uartstdio.o
#        --no_out_extension -o
#        C:\Users\User\Documents\TM4C1294_Bare_IAR9-main\Projects\simple_uart\Debug\Exe\simple_uart.out
#        --map
#        C:\Users\User\Documents\TM4C1294_Bare_IAR9-main\Projects\simple_uart\Debug\List\simple_uart.map
#        --config "C:\Program Files\IAR Systems\Embedded Workbench
#        9.0\arm\config\linker\TexasInstruments\TM4C1294NC.icf" --semihosting
#        --entry __iar_program_start --vfe --text_out locale)
#
###############################################################################

*******************************************************************************
*** RUNTIME MODEL ATTRIBUTES
***

CppFlavor       = *
__SystemLibrary = DLib
__dlib_version  = 6


*******************************************************************************
*** HEAP SELECTION
***

The basic heap was selected because some modules are built with
size limitations (and not runtime checking), and --advanced_heap
was not specified.


*******************************************************************************
*** PLACEMENT SUMMARY
***

"A0":  place at address 0x0 { ro section .intvec };
"P1":  place in [from 0x0 to 0xf'ffff] { ro };
define block CSTACK with size = 32K, alignment = 8 { };
define block HEAP with size = 64K, alignment = 8 { };
"P2":  place in [from 0x2000'0000 to 0x2003'ffff] {
          rw, block CSTACK, block HEAP };

  Section          Kind         Address    Size  Object
  -------          ----         -------    ----  ------
"A0":                                     0x3c0
  .intvec          ro code          0x0   0x3c0  startup_TM4C1294.o [1]
                                - 0x3c0   0x3c0

"P1":                                    0x11f8
  .text            ro code        0x3c0   0x56c  uartstdio.o [1]
  .text            ro code        0x92c    0xf0  interrupt.o [3]
  .text            ro code        0xa1c   0x112  uart.o [3]
  .text            ro code        0xb2e     0x2  startup_TM4C1294.o [1]
  .text            ro code        0xb30   0x2ac  sysctl.o [3]
  .text            ro code        0xddc    0x10  cpu.o [3]
  .text            ro code        0xdec   0x1d4  gpio.o [3]
  .rodata          const          0xfc0   0x1b0  sysctl.o [3]
  .text            ro code       0x1170   0x180  simple_uart.o [1]
  .text            ro code       0x12f0    0x28  systick.o [3]
  .rodata          const         0x1318    0x90  gpio.o [3]
  .rodata          const         0x13a8    0x6c  sysctl.o [3]
  .text            ro code       0x1414    0x38  zero_init3.o [4]
  .rodata          const         0x144c    0x30  sysctl.o [3]
  .text            ro code       0x147c    0x30  system_TM4C1294_TW.o [1]
  .text            ro code       0x14ac    0x28  data_init.o [4]
  .iar.init_table  const         0x14d4    0x10  - Linker created -
  .text            ro code       0x14e4    0x1e  cmain.o [4]
  .text            ro code       0x1502     0x4  low_level_init.o [2]
  .text            ro code       0x1506     0x4  exit.o [2]
  .text            ro code       0x150c     0xa  cexit.o [4]
  .text            ro code       0x1518    0x14  exit.o [5]
  .text            ro code       0x152c    0x1c  cstartup_M.o [4]
  .text            ro code       0x1548    0x14  startup_TM4C1294.o [1]
  .rodata          const         0x155c    0x18  simple_uart.o [1]
  .rodata          const         0x1574    0x14  uartstdio.o [1]
  .rodata          const         0x1588     0xc  uartstdio.o [1]
  .rodata          const         0x1594     0xc  uartstdio.o [1]
  .rodata          const         0x15a0     0xc  uartstdio.o [1]
  .rodata          const         0x15ac     0x8  uartstdio.o [1]
  .rodata          const         0x15b4     0x4  uartstdio.o [1]
  .rodata          const         0x15b8     0x0  zero_init3.o [4]
                               - 0x15b8  0x11f8

"P2", part 1 of 2:                         0xdc
  .bss             zero     0x2000'0000    0x80  uartstdio.o [1]
  .bss             zero     0x2000'0080    0x40  uartstdio.o [1]
  .bss             zero     0x2000'00c0     0x4  uartstdio.o [1]
  .bss             zero     0x2000'00c4     0x4  uartstdio.o [1]
  .bss             zero     0x2000'00c8     0x4  uartstdio.o [1]
  .bss             zero     0x2000'00cc     0x4  uartstdio.o [1]
  .bss             zero     0x2000'00d0     0x4  uartstdio.o [1]
  .bss             zero     0x2000'00d4     0x4  uartstdio.o [1]
  .bss             zero     0x2000'00d8     0x1  simple_uart.o [1]
  .bss             zero     0x2000'00d9     0x1  uartstdio.o [1]
  .bss             zero     0x2000'00da     0x1  uartstdio.o [1]
                          - 0x2000'00db    0xdb

"P2", part 2 of 2:                       0x8004
  .noinit          uninit   0x2000'00dc     0x4  system_TM4C1294_TW.o [1]
  CSTACK                    0x2000'00e0  0x8000  <Block>
    CSTACK         uninit   0x2000'00e0  0x8000  <Block tail>
                          - 0x2000'80e0  0x8004

Unused ranges:

         From           To      Size
         ----           --      ----
       0x15b8     0xf'ffff  0xf'ea48
  0x2000'80e0  0x2003'ffff  0x3'7f20


*******************************************************************************
*** INIT TABLE
***

          Address      Size
          -------      ----
Zero (__iar_zero_init3)
    1 destination range, total size 0xdb:
          0x2000'0000  0xdb



*******************************************************************************
*** MODULE SUMMARY
***

    Module                ro code  ro data  rw data
    ------                -------  -------  -------
command line/config:
    -----------------------------------------------
    Total:

C:\Users\User\Documents\TM4C1294_Bare_IAR9-main\Projects\simple_uart\Debug\Obj: [1]
    simple_uart.o             384       24        1
    startup_TM4C1294.o        982
    system_TM4C1294_TW.o       48                 4
    uartstdio.o             1'388       68      218
    -----------------------------------------------
    Total:                  2'802       92      223

dl7M_tln.a: [2]
    exit.o                      4
    low_level_init.o            4
    -----------------------------------------------
    Total:                      8

driverlib.a: [3]
    cpu.o                      16
    gpio.o                    468      144
    interrupt.o               240
    sysctl.o                  684      588
    systick.o                  40
    uart.o                    274
    -----------------------------------------------
    Total:                  1'722      732

rt7M_tl.a: [4]
    cexit.o                    10
    cmain.o                    30
    cstartup_M.o               28
    data_init.o                40
    zero_init3.o               56
    -----------------------------------------------
    Total:                    164

shb_l.a: [5]
    exit.o                     20
    -----------------------------------------------
    Total:                     20

    Gaps                        4
    Linker created                      16   32'768
---------------------------------------------------
    Grand Total:            4'720      840   32'991


*******************************************************************************
*** ENTRY LIST
***

Entry                       Address   Size  Type      Object
-----                       -------   ----  ----      ------
.iar.init_table$$Base        0x14d4          --   Gb  - Linker created -
.iar.init_table$$Limit       0x14e4          --   Gb  - Linker created -
?main                        0x14e5         Code  Gb  cmain.o [4]
CPUcpsid                      0xddd    0x8  Code  Gb  cpu.o [3]
CPUcpsie                      0xde5    0x8  Code  Gb  cpu.o [3]
CSTACK$$Base            0x2000'00e0          --   Gb  - Linker created -
CSTACK$$Limit           0x2000'80e0          --   Gb  - Linker created -
GPIODirModeSet                0xded   0x28  Code  Gb  gpio.o [3]
GPIOPadConfigSet              0xe15  0x102  Code  Gb  gpio.o [3]
GPIOPinConfigure              0xf7f   0x36  Code  Gb  gpio.o [3]
GPIOPinRead                   0xf17    0x8  Code  Gb  gpio.o [3]
GPIOPinTypeGPIOInput          0xf2b   0x14  Code  Gb  gpio.o [3]
GPIOPinTypeGPIOOutput         0xf3f    0xa  Code  Gb  gpio.o [3]
GPIOPinTypeUART               0xf63   0x14  Code  Gb  gpio.o [3]
GPIOPinWrite                  0xf1f    0x8  Code  Gb  gpio.o [3]
IntDisable                    0x999   0x52  Code  Gb  interrupt.o [3]
IntEnable                     0x945   0x52  Code  Gb  interrupt.o [3]
IntMasterDisable              0x935    0x6  Code  Gb  interrupt.o [3]
IntMasterEnable               0x92d    0x8  Code  Gb  interrupt.o [3]
IsBufferEmpty                 0x3dd   0x12  Code  Lc  uartstdio.o [1]
IsBufferFull                  0x3c1   0x1c  Code  Lc  uartstdio.o [1]
LED_D1                  0x2000'00d8    0x1  Data  Gb  simple_uart.o [1]
Region$$Table$$Base          0x14d4          --   Gb  - Linker created -
Region$$Table$$Limit         0x14e4          --   Gb  - Linker created -
SysCtlClockFreqSet            0xb9d  0x1fc  Code  Gb  sysctl.o [3]
SysCtlPeripheralEnable        0xb7f    0x8  Code  Gb  sysctl.o [3]
SysCtlPeripheralPresent
                              0xb53    0xa  Code  Gb  sysctl.o [3]
SysCtlPeripheralReady         0xb5d    0x8  Code  Gb  sysctl.o [3]
SysTickEnable                0x12f1    0xc  Code  Gb  systick.o [3]
SysTickIntEnable             0x12fd    0xc  Code  Gb  systick.o [3]
SysTickPeriodSet             0x1309    0x8  Code  Gb  systick.o [3]
SysTick_Handler              0x11c3   0x1c  Code  Gb  simple_uart.o [1]
SystemCoreClock         0x2000'00dc    0x4  Data  Gb  system_TM4C1294_TW.o [1]
SystemInit                   0x147d   0x1c  Code  Gb  system_TM4C1294_TW.o [1]
UART0_Handler                0x11bb    0x8  Code  Gb  simple_uart.o [1]
UARTCharGetNonBlocking        0xadf   0x14  Code  Gb  uart.o [3]
UARTCharPutNonBlocking        0xaf3   0x18  Code  Gb  uart.o [3]
UARTCharsAvail                0xac7    0x8  Code  Gb  uart.o [3]
UARTConfigSetExpClk           0xa25   0x5c  Code  Gb  uart.o [3]
UARTDisable                   0xa9b   0x22  Code  Gb  uart.o [3]
UARTEnable                    0xa81   0x1a  Code  Gb  uart.o [3]
UARTFIFOLevelSet              0xa1d    0x8  Code  Gb  uart.o [3]
UARTFlushRx                   0x765   0x1c  Code  Gb  uartstdio.o [1]
UARTFlushTx                   0x781   0x30  Code  Gb  uartstdio.o [1]
UARTInit                     0x1171   0x4a  Code  Gb  simple_uart.o [1]
UARTIntClear                  0xb29    0x6  Code  Gb  uart.o [3]
UARTIntDisable                0xb11    0x4  Code  Gb  uart.o [3]
UARTIntEnable                 0xb0b    0x6  Code  Gb  uart.o [3]
UARTIntStatus                 0xb1d    0xc  Code  Gb  uart.o [3]
UARTPrimeTransmit             0x3ef   0x7a  Code  Lc  uartstdio.o [1]
UARTSpaceAvail                0xacf    0x6  Code  Gb  uart.o [3]
UARTStdioConfig               0x469   0x92  Code  Gb  uartstdio.o [1]
UARTStdioIntHandler           0x7b5  0x132  Code  Gb  uartstdio.o [1]
UARTStdioIntHandler::bLastWasCR
                        0x2000'00da    0x1  Data  Lc  uartstdio.o [1]
UARTprintf                    0x757    0xe  Code  Gb  uartstdio.o [1]
UARTvprintf                   0x5a1  0x1b6  Code  Gb  uartstdio.o [1]
UARTwrite                     0x4fb   0xa6  Code  Gb  uartstdio.o [1]
_SysCtlMemTimingGet           0xb31   0x22  Code  Lc  sysctl.o [3]
__Vectors                       0x0          --   Gb  startup_TM4C1294.o [1]
__Vectors_End                 0x3c0         Data  Gb  startup_TM4C1294.o [1]
__Vectors_Size {Abs}          0x3c0          --   Gb  startup_TM4C1294.o [1]
__cmain                      0x14e5         Code  Gb  cmain.o [4]
__exit                       0x1519   0x14  Code  Gb  exit.o [5]
__iar_data_init3             0x14ad   0x28  Code  Gb  data_init.o [4]
__iar_init_vfp               0x1551         Code  Wk  startup_TM4C1294.o [1]
__iar_program_start          0x152d         Code  Gb  cstartup_M.o [4]
__iar_zero_init3             0x1415   0x38  Code  Gb  zero_init3.o [4]
__low_level_init             0x1503    0x4  Code  Gb  low_level_init.o [2]
__vector_table                  0x0         Data  Gb  startup_TM4C1294.o [1]
__vector_table_0x1c            0x1c         Data  Gb  startup_TM4C1294.o [1]
_call_main                   0x14f1         Code  Gb  cmain.o [4]
_exit                        0x150d         Code  Gb  cexit.o [4]
exit                         0x1507    0x4  Code  Gb  exit.o [2]
g_bDisableEcho          0x2000'00d9    0x1  Data  Lc  uartstdio.o [1]
g_pcHex                      0x15b4    0x4  Data  Lc  uartstdio.o [1]
g_pcUARTRxBuffer        0x2000'0000   0x80  Data  Lc  uartstdio.o [1]
g_pcUARTTxBuffer        0x2000'0080   0x40  Data  Lc  uartstdio.o [1]
g_pppui32XTALtoVCO            0xfc0  0x1b0  Data  Lc  sysctl.o [3]
g_pui32Dii16Regs              0xa08   0x14  Data  Lc  interrupt.o [3]
g_pui32EnRegs                 0x9f4   0x14  Data  Lc  interrupt.o [3]
g_pui32GPIOBaseAddrs         0x1318   0x90  Data  Lc  gpio.o [3]
g_pui32VCOFrequencies         0xdd4    0x8  Data  Lc  sysctl.o [3]
g_pui32Xtals                 0x13a8   0x6c  Data  Lc  sysctl.o [3]
g_sXTALtoMEMTIM              0x144c   0x30  Data  Lc  sysctl.o [3]
g_ui32Base              0x2000'00d0    0x4  Data  Lc  uartstdio.o [1]
g_ui32PortNum           0x2000'00d4    0x4  Data  Lc  uartstdio.o [1]
g_ui32UARTBase               0x1588    0xc  Data  Lc  uartstdio.o [1]
g_ui32UARTInt                0x1594    0xc  Data  Lc  uartstdio.o [1]
g_ui32UARTPeriph             0x15a0    0xc  Data  Lc  uartstdio.o [1]
g_ui32UARTRxReadIndex   0x2000'00cc    0x4  Data  Lc  uartstdio.o [1]
g_ui32UARTRxWriteIndex  0x2000'00c8    0x4  Data  Lc  uartstdio.o [1]
g_ui32UARTTxReadIndex   0x2000'00c4    0x4  Data  Lc  uartstdio.o [1]
g_ui32UARTTxWriteIndex  0x2000'00c0    0x4  Data  Lc  uartstdio.o [1]
main                         0x11df   0xe0  Code  Gb  simple_uart.o [1]


[1] = C:\Users\User\Documents\TM4C1294_Bare_IAR9-main\Projects\simple_uart\Debug\Obj
[2] = dl7M_tln.a
[3] = driverlib.a
[4] = rt7M_tl.a
[5] = shb_l.a

   4'720 bytes of readonly  code memory
     840 bytes of readonly  data memory
  32'991 bytes of readwrite data memory

Errors: none
Warnings: none
